[productoshnd.gr8.com/index.html]
[backblue.gif]
[fade.gif]
[index.html]
[us-as.gr-cdn.com/images/squeeze-page/_external/various/favicons/apple-touch-icon-57x57.png]
[us-as.gr-cdn.com/images/squeeze-page/_external/various/favicons/apple-touch-icon-60x60.png]
[us-as.gr-cdn.com/images/squeeze-page/_external/various/favicons/apple-touch-icon-72x72.png]
[us-as.gr-cdn.com/images/squeeze-page/_external/various/favicons/apple-touch-icon-76x76.png]
[us-as.gr-cdn.com/images/squeeze-page/_external/various/favicons/apple-touch-icon-114x114.png]
[us-as.gr-cdn.com/images/squeeze-page/_external/various/favicons/apple-touch-icon-120x120.png]
[us-as.gr-cdn.com/images/squeeze-page/_external/various/favicons/apple-touch-icon-144x144.png]
[us-as.gr-cdn.com/images/squeeze-page/_external/various/favicons/apple-touch-icon-152x152.png]
[us-as.gr-cdn.com/images/squeeze-page/_external/various/favicons/apple-touch-icon-180x180.png]
[us-as.gr-cdn.com/images/squeeze-page/_external/various/favicons/favicon-32x32.png]
[us-as.gr-cdn.com/images/squeeze-page/_external/various/favicons/favicon-194x194.png]
[us-as.gr-cdn.com/images/squeeze-page/_external/various/favicons/favicon-96x96.png]
[us-as.gr-cdn.com/images/squeeze-page/_external/various/favicons/android-chrome-192x192.png]
[us-as.gr-cdn.com/images/squeeze-page/_external/various/favicons/favicon-16x16.png]
[us-as.gr-cdn.com/images/squeeze-page/_external/various/favicons/mstile-144x144.png]
[us-as.gr-cdn.com/javascripts/core/lps/dist/reset-styles.401d13001a241aae6473.css]
[us-as.gr-cdn.com/javascripts/core/lps/dist/core-styles.d30c88956b6454d897b1.css]
[us-as.gr-cdn.com/javascripts/core/lps/dist/webform-styles.ae2a1365f692278ef520.css]
[productoshnd.gr8.com/images/common/templates/landing/126/1/css/style.css]
[us-ms.gr-cdn.com/getresponse-G0ddT/photos/671af45d-cf9f-477e-9301-61fac782c5c5.png]
[app.getresponse.com/images/common/templates/landing/126/1/img/06.png]
[app.getresponse.com/images/common/templates/landing/126/1/img/07.png]
[us-ms.gr-cdn.com/getresponse-G0ddT/photos/377cb0eb-7290-44a9-80b8-5547c5d2b32e.png]
[app.getresponse.com/images/common/templates/landing/126/1/img/08.png]
[app.getresponse.com/images/common/templates/landing/126/1/img/02.png]
[app.getresponse.com/images/common/templates/landing/126/1/img/09.png]
[app.getresponse.com/images/common/templates/landing/126/1/img/03.png]
[app.getresponse.com/images/common/templates/landing/126/1/img/04.png]
[app.getresponse.com/images/common/templates/landing/126/1/img/05.png]
[app.getresponse.com/images/common/templates/landing/126/1/img/10.jpg]
[app.getresponse.com/images/common/templates/landing/126/1/img/01.jpg]
[ga.getresponse.com/script/ga9bb0.js]
[productoshnd.gr8.com/images/common/templates/landing/126/1/img/06.png]
[productoshnd.gr8.com/images/common/templates/landing/126/1/img/05.png]
[productoshnd.gr8.com/images/common/templates/landing/126/1/img/08.png]
[productoshnd.gr8.com/images/common/templates/landing/126/1/img/09.png]
[productoshnd.gr8.com/images/common/templates/landing/126/1/img/07.png]
[us-as.gr-cdn.com/javascripts/core/lps/dist/manifest.c4b67cf718fedc8709e9.js]
[us-as.gr-cdn.com/javascripts/core/lps/dist/vendor.chunk.34e7ecf30a1d78998637.js]
[productoshnd.gr8.com/index.html]
[us-as.gr-cdn.com/javascripts/core/lps/dist/reset-styles.401d13001a241aae6473.css]
[us-as.gr-cdn.com/javascripts/core/lps/dist/core-styles.d30c88956b6454d897b1.css]
[us-as.gr-cdn.com/javascripts/core/lps/dist/show.chunk.07aeb6ae6e9bebff449c.js]
[us-as.gr-cdn.com/images/core/tools/form/phone.png]
[us-as.gr-cdn.com/javascripts/core/lps/dist/webform-styles.ae2a1365f692278ef520.css]
[productoshnd.gr8.com/images/common/templates/landing/126/1/css/style.css]
